cu_request is: GET http://rabihyounes.com/awesome.txt HTTP/1.1
Host: rabihyounes.com
cu_request is: GET http://rabihyounes.com/awesome.txt HTTP/1.1
Host: rabihyounes.com
cu_request is: GET http://rabihyounes.com/awesome.txt HTTP/1.1
Host: rabihyounes.com
cu_request is: GET http://rabihyounes.com/awesome.txt HTTP/1.1
Host: rabihyounes.com
cu_request is: GET http://rabihyounes.com/awesome.txt HTTP/1.1
Host: rabihyounes.com
cu_request is: GET http://rabihyounes.com/awesome.txt HTTP/1.1
Host: rabihyounes.com
cu_request is: GET http://rabihyounes.com/awesome.txt HTTP/1.1
Host: rabihyounes.com
cu_request is: GET http://rabihyounes.com/awesome.txt HTTP/1.1
Host: rabihyounes.com
cu_request is: GET http://rabihyounes.com/awesome.txt HTTP/1.1
Host: rabihyounes.com
cu_request is: GET http://rabihyounes.com/awesome.txt HTTP/1.1
Host: rabihyounes.com
cu_request is: GET http://www.csm-testcenter.org/test?do=show&subdo=common&test=file_upload HTTP/1.1
Host: www.csm-testcenter.org
cu_request is: GET http://www.csm-testcenter.org/include/images/head/logo.gif HTTP/1.1
Host: www.csm-testcenter.org
cu_request is: GET http://rabihyounes.com/awesome.txt HTTP/1.1
Host: rabihyounes.com
cu_request is: GET http://rabihyounes.com/awesome.txt HTTP/1.1
Host: rabihyounes.com
cu_request is: GET http://www.csm-testcenter.org/test HTTP/1.1
Host: www.csm-testcenter.org
cu_request is: GET http://www.csm-testcenter.org/test?do=show&subdo=common&test=file_upload HTTP/1.1
Host: www.csm-testcenter.org
cu_request is: GET http://www.csm-testcenter.org/test?do=show&subdo=common&test=file_upload HTTP/1.1
Host: www.csm-testcenter.org
cu_request is: GET http://rabihyounes.com/awesome.txt HTTP/1.1
Host: rabihyounes.com
cu_request is: GET http://rabihyounes.com/awesome.txt HTTP/1.1
Host: rabihyounes.com
cu_request is: GET http://rabihyounes.com/awesome.txt HTTP/1.1
Host: rabihyounes.com
cu_request is: GET http://rabihyounes.com/awesome.txt HTTP/1.1
Host: rabihyounes.com
cu_request is: GET http://rabihyounes.com/awesome.txt HTTP/1.1
Host: rabihyounes.com
cu_request is: GET http://www.csm-testcenter.org/test?do=show&subdo=common&test=file_upload HTTP/1.1
Host: www.csm-testcenter.org
cu_request is: GET http://rabihyounes.com/awesome.txt HTTP/1.1
Host: rabihyounes.com
cu_request is: GET http://rabihyounes.com/awesome.txt HTTP/1.1
Host: rabihyounes.com
